127.0.0.1 - - [07/May/2024:22:59:11 +0800] "GET /nacos/v1/ns/instance/list?app=unknown&healthyOnly=false&namespaceId=public&clientIP=10.2.0.152&serviceName=DEFAULT_GROUP%40%40book-service&udpPort=61453&clusters=Chengdu HTTP/1.1" 200 101 120 Nacos-Java-Client:v1.4.2 -
127.0.0.1 - - [07/May/2024:22:59:12 +0800] "POST /nacos/v1/ns/instance?app=unknown&groupName=DEFAULT_GROUP&metadata=%7B%22preserved.register.source%22%3A%22SPRING_CLOUD%22%7D&namespaceId=public&port=8202&enable=true&healthy=true&clusterName=Chengdu&ip=192.168.60.1&weight=1.0&ephemeral=true&serviceName=DEFAULT_GROUP%40%40book-service HTTP/1.1" 200 2 239 Nacos-Java-Client:v1.4.2 -
127.0.0.1 - - [07/May/2024:22:59:12 +0800] "GET /nacos/v1/ns/instance/list?app=unknown&healthyOnly=false&namespaceId=public&clientIP=10.2.0.152&serviceName=DEFAULT_GROUP%40%40book-service&udpPort=61453&clusters=Chengdu HTTP/1.1" 200 573 18 Nacos-Java-Client:v1.4.2 -
127.0.0.1 - - [07/May/2024:22:59:13 +0800] "GET /nacos/v1/cs/configs?dataId=user-service&tenant=35dab273-9839-482a-b612-4db725b5c8e4&group=DEFAULT_GROUP HTTP/1.1" 404 23 30 Java/1.8.0_412 -
127.0.0.1 - - [07/May/2024:22:59:13 +0800] "GET /nacos/v1/cs/configs?dataId=user-service.yaml&tenant=35dab273-9839-482a-b612-4db725b5c8e4&group=DEFAULT_GROUP HTTP/1.1" 404 23 5 Java/1.8.0_412 -
127.0.0.1 - - [07/May/2024:22:59:13 +0800] "GET /nacos/v1/cs/configs?dataId=user-service-dev.yaml&tenant=35dab273-9839-482a-b612-4db725b5c8e4&group=DEFAULT_GROUP HTTP/1.1" 404 23 4 Java/1.8.0_412 -
127.0.0.1 - - [07/May/2024:22:59:14 +0800] "GET /nacos/v1/ns/instance/list?app=unknown&healthyOnly=false&namespaceId=public&clientIP=10.2.0.152&serviceName=DEFAULT_GROUP%40%40book-service&udpPort=55017&clusters=Chongqing HTTP/1.1" 200 260 6 Nacos-Java-Client:v1.4.2 -
127.0.0.1 - - [07/May/2024:22:59:14 +0800] "POST /nacos/v1/ns/instance?app=unknown&groupName=DEFAULT_GROUP&metadata=%7B%22preserved.register.source%22%3A%22SPRING_CLOUD%22%7D&namespaceId=public&port=8201&enable=true&healthy=true&clusterName=Chongqing&ip=192.168.60.1&weight=1.0&ephemeral=true&serviceName=DEFAULT_GROUP%40%40book-service HTTP/1.1" 200 2 5 Nacos-Java-Client:v1.4.2 -
127.0.0.1 - - [07/May/2024:22:59:15 +0800] "GET /nacos/v1/ns/instance/list?app=unknown&healthyOnly=false&namespaceId=public&clientIP=10.2.0.152&serviceName=DEFAULT_GROUP%40%40book-service&udpPort=55017&clusters=Chongqing HTTP/1.1" 200 579 4 Nacos-Java-Client:v1.4.2 -
127.0.0.1 - - [07/May/2024:22:59:15 +0800] "GET /nacos/v1/cs/configs?dataId=user-service&tenant=35dab273-9839-482a-b612-4db725b5c8e4&group=DEFAULT_GROUP HTTP/1.1" 404 23 3 Java/1.8.0_412 -
127.0.0.1 - - [07/May/2024:22:59:16 +0800] "GET /nacos/v1/cs/configs?dataId=user-service.yaml&tenant=35dab273-9839-482a-b612-4db725b5c8e4&group=DEFAULT_GROUP HTTP/1.1" 404 23 4 Java/1.8.0_412 -
127.0.0.1 - - [07/May/2024:22:59:16 +0800] "GET /nacos/v1/cs/configs?dataId=user-service-dev.yaml&tenant=35dab273-9839-482a-b612-4db725b5c8e4&group=DEFAULT_GROUP HTTP/1.1" 404 23 2 Java/1.8.0_412 -
127.0.0.1 - - [07/May/2024:22:59:17 +0800] "PUT /nacos/v1/ns/instance/beat?app=unknown&serviceName=DEFAULT_GROUP%40%40book-service&namespaceId=public&port=8202&clusterName=Chengdu&ip=192.168.60.1 HTTP/1.1" 200 75 7 Nacos-Java-Client:v1.4.2 -
127.0.0.1 - - [07/May/2024:22:59:18 +0800] "GET /nacos/v1/ns/instance/list?app=unknown&healthyOnly=false&namespaceId=35dab273-9839-482a-b612-4db725b5c8e4&clientIP=10.2.0.152&serviceName=DEFAULT_GROUP%40%40user-service&udpPort=65292&clusters=Chengdu HTTP/1.1" 200 101 5 Nacos-Java-Client:v1.4.2 -
127.0.0.1 - - [07/May/2024:22:59:18 +0800] "POST /nacos/v1/ns/instance?app=unknown&groupName=DEFAULT_GROUP&metadata=%7B%22preserved.register.source%22%3A%22SPRING_CLOUD%22%7D&namespaceId=35dab273-9839-482a-b612-4db725b5c8e4&port=8102&enable=true&healthy=true&clusterName=Chengdu&ip=192.168.60.1&weight=1.0&ephemeral=true&serviceName=DEFAULT_GROUP%40%40user-service HTTP/1.1" 200 2 5 Nacos-Java-Client:v1.4.2 -
127.0.0.1 - - [07/May/2024:22:59:19 +0800] "PUT /nacos/v1/ns/instance/beat?app=unknown&serviceName=DEFAULT_GROUP%40%40book-service&namespaceId=public&port=8201&clusterName=Chongqing&ip=192.168.60.1 HTTP/1.1" 200 75 4 Nacos-Java-Client:v1.4.2 -
127.0.0.1 - - [07/May/2024:22:59:19 +0800] "GET /nacos/v1/ns/instance/list?app=unknown&healthyOnly=false&namespaceId=35dab273-9839-482a-b612-4db725b5c8e4&clientIP=10.2.0.152&serviceName=DEFAULT_GROUP%40%40user-service&udpPort=65292&clusters=Chengdu HTTP/1.1" 200 573 3 Nacos-Java-Client:v1.4.2 -
0:0:0:0:0:0:0:1 - - [07/May/2024:22:59:19 +0800] "GET /nacos/ HTTP/1.1" 304 - 19 Mozilla/5.0 (Windows NT 10.0; Win64; x64) AppleWebKit/537.36 (KHTML, like Gecko) Chrome/124.0.0.0 Safari/537.36 Edg/124.0.0.0 -
0:0:0:0:0:0:0:1 - - [07/May/2024:22:59:19 +0800] "GET /nacos/v1/console/server/state?accessToken=eyJhbGciOiJIUzI1NiJ9.eyJzdWIiOiJuYWNvcyIsImV4cCI6MTcxNDczNzExM30.y7DuofDPfbAmVYoYoCvk3lLWXMKamPhgehKxowTnR-4&username=nacos HTTP/1.1" 200 82 9 Mozilla/5.0 (Windows NT 10.0; Win64; x64) AppleWebKit/537.36 (KHTML, like Gecko) Chrome/124.0.0.0 Safari/537.36 Edg/124.0.0.0 -
0:0:0:0:0:0:0:1 - - [07/May/2024:22:59:19 +0800] "GET /nacos/v1/console/server/state?accessToken=eyJhbGciOiJIUzI1NiJ9.eyJzdWIiOiJuYWNvcyIsImV4cCI6MTcxNDczNzExM30.y7DuofDPfbAmVYoYoCvk3lLWXMKamPhgehKxowTnR-4&username=nacos HTTP/1.1" 200 82 4 Mozilla/5.0 (Windows NT 10.0; Win64; x64) AppleWebKit/537.36 (KHTML, like Gecko) Chrome/124.0.0.0 Safari/537.36 Edg/124.0.0.0 -
0:0:0:0:0:0:0:1 - - [07/May/2024:22:59:19 +0800] "GET /nacos/v1/console/server/guide?accessToken=eyJhbGciOiJIUzI1NiJ9.eyJzdWIiOiJuYWNvcyIsImV4cCI6MTcxNDczNzExM30.y7DuofDPfbAmVYoYoCvk3lLWXMKamPhgehKxowTnR-4&username=nacos HTTP/1.1" 404 162 13 Mozilla/5.0 (Windows NT 10.0; Win64; x64) AppleWebKit/537.36 (KHTML, like Gecko) Chrome/124.0.0.0 Safari/537.36 Edg/124.0.0.0 -
0:0:0:0:0:0:0:1 - - [07/May/2024:22:59:19 +0800] "GET /nacos/v1/console/server/announcement?language=zh-CN&accessToken=eyJhbGciOiJIUzI1NiJ9.eyJzdWIiOiJuYWNvcyIsImV4cCI6MTcxNDczNzExM30.y7DuofDPfbAmVYoYoCvk3lLWXMKamPhgehKxowTnR-4&username=nacos HTTP/1.1" 404 169 14 Mozilla/5.0 (Windows NT 10.0; Win64; x64) AppleWebKit/537.36 (KHTML, like Gecko) Chrome/124.0.0.0 Safari/537.36 Edg/124.0.0.0 -
127.0.0.1 - - [07/May/2024:22:59:20 +0800] "POST /nacos/v1/cs/configs/listener HTTP/1.1" 200 - 6 Java/1.8.0_412 -
127.0.0.1 - - [07/May/2024:22:59:20 +0800] "GET /nacos/v1/ns/instance/list?app=unknown&healthyOnly=false&namespaceId=35dab273-9839-482a-b612-4db725b5c8e4&clientIP=10.2.0.152&serviceName=DEFAULT_GROUP%40%40user-service&udpPort=50117&clusters=Chongqing HTTP/1.1" 200 260 1 Nacos-Java-Client:v1.4.2 -
127.0.0.1 - - [07/May/2024:22:59:20 +0800] "POST /nacos/v1/ns/instance?app=unknown&groupName=DEFAULT_GROUP&metadata=%7B%22preserved.register.source%22%3A%22SPRING_CLOUD%22%7D&namespaceId=35dab273-9839-482a-b612-4db725b5c8e4&port=8101&enable=true&healthy=true&clusterName=Chongqing&ip=192.168.60.1&weight=1.0&ephemeral=true&serviceName=DEFAULT_GROUP%40%40user-service HTTP/1.1" 200 2 2 Nacos-Java-Client:v1.4.2 -
127.0.0.1 - - [07/May/2024:22:59:21 +0800] "GET /nacos/v1/ns/instance/list?app=unknown&healthyOnly=false&namespaceId=35dab273-9839-482a-b612-4db725b5c8e4&clientIP=10.2.0.152&serviceName=DEFAULT_GROUP%40%40user-service&udpPort=50117&clusters=Chongqing HTTP/1.1" 200 579 3 Nacos-Java-Client:v1.4.2 -
127.0.0.1 - - [07/May/2024:22:59:21 +0800] "GET /nacos/v1/ns/instance/list?app=unknown&healthyOnly=false&namespaceId=public&clientIP=10.2.0.152&serviceName=DEFAULT_GROUP%40%40borrow-service&udpPort=55747&clusters=Chengdu HTTP/1.1" 200 103 4 Nacos-Java-Client:v1.4.2 -
127.0.0.1 - - [07/May/2024:22:59:21 +0800] "POST /nacos/v1/ns/instance?app=unknown&groupName=DEFAULT_GROUP&metadata=%7B%22preserved.register.source%22%3A%22SPRING_CLOUD%22%7D&namespaceId=public&port=8301&enable=true&healthy=true&clusterName=Chengdu&ip=192.168.60.1&weight=1.0&ephemeral=false&serviceName=DEFAULT_GROUP%40%40borrow-service HTTP/1.1" 200 2 25 Nacos-Java-Client:v1.4.2 -
127.0.0.1 - - [07/May/2024:22:59:22 +0800] "PUT /nacos/v1/ns/instance/beat?app=unknown&serviceName=DEFAULT_GROUP%40%40book-service&namespaceId=public&port=8202&clusterName=Chengdu&ip=192.168.60.1 HTTP/1.1" 200 75 3 Nacos-Java-Client:v1.4.2 -
127.0.0.1 - - [07/May/2024:22:59:22 +0800] "POST /nacos/v1/cs/configs/listener HTTP/1.1" 200 - 2 Java/1.8.0_412 -
127.0.0.1 - - [07/May/2024:22:59:22 +0800] "GET /nacos/v1/ns/instance/list?app=unknown&healthyOnly=false&namespaceId=public&clientIP=10.2.0.152&serviceName=DEFAULT_GROUP%40%40borrow-service&udpPort=55747&clusters=Chengdu HTTP/1.1" 200 582 4 Nacos-Java-Client:v1.4.2 -
127.0.0.1 - - [07/May/2024:22:59:23 +0800] "GET /nacos/v1/ns/instance/list?app=unknown&healthyOnly=false&namespaceId=public&clientIP=10.2.0.152&serviceName=DEFAULT_GROUP%40%40book-service&udpPort=61453&clusters=Chengdu HTTP/1.1" 200 573 4 Nacos-Java-Client:v1.4.2 -
127.0.0.1 - - [07/May/2024:22:59:23 +0800] "PUT /nacos/v1/ns/instance/beat?app=unknown&serviceName=DEFAULT_GROUP%40%40user-service&namespaceId=35dab273-9839-482a-b612-4db725b5c8e4&port=8102&clusterName=Chengdu&ip=192.168.60.1 HTTP/1.1" 200 75 3 Nacos-Java-Client:v1.4.2 -
127.0.0.1 - - [07/May/2024:22:59:24 +0800] "PUT /nacos/v1/ns/instance/beat?app=unknown&serviceName=DEFAULT_GROUP%40%40book-service&namespaceId=public&port=8201&clusterName=Chongqing&ip=192.168.60.1 HTTP/1.1" 200 75 2 Nacos-Java-Client:v1.4.2 -
127.0.0.1 - - [07/May/2024:22:59:25 +0800] "GET /nacos/v1/ns/instance/list?app=unknown&healthyOnly=false&namespaceId=public&clientIP=10.2.0.152&serviceName=DEFAULT_GROUP%40%40book-service&udpPort=55017&clusters=Chongqing HTTP/1.1" 200 579 3 Nacos-Java-Client:v1.4.2 -
127.0.0.1 - - [07/May/2024:22:59:25 +0800] "PUT /nacos/v1/ns/instance/beat?app=unknown&serviceName=DEFAULT_GROUP%40%40user-service&namespaceId=35dab273-9839-482a-b612-4db725b5c8e4&port=8101&clusterName=Chongqing&ip=192.168.60.1 HTTP/1.1" 200 75 3 Nacos-Java-Client:v1.4.2 -
127.0.0.1 - - [07/May/2024:22:59:27 +0800] "PUT /nacos/v1/ns/instance/beat?app=unknown&serviceName=DEFAULT_GROUP%40%40book-service&namespaceId=public&port=8202&clusterName=Chengdu&ip=192.168.60.1 HTTP/1.1" 200 75 3 Nacos-Java-Client:v1.4.2 -
127.0.0.1 - - [07/May/2024:22:59:28 +0800] "PUT /nacos/v1/ns/instance/beat?app=unknown&serviceName=DEFAULT_GROUP%40%40user-service&namespaceId=35dab273-9839-482a-b612-4db725b5c8e4&port=8102&clusterName=Chengdu&ip=192.168.60.1 HTTP/1.1" 200 75 2 Nacos-Java-Client:v1.4.2 -
127.0.0.1 - - [07/May/2024:22:59:29 +0800] "PUT /nacos/v1/ns/instance/beat?app=unknown&serviceName=DEFAULT_GROUP%40%40book-service&namespaceId=public&port=8201&clusterName=Chongqing&ip=192.168.60.1 HTTP/1.1" 200 75 3 Nacos-Java-Client:v1.4.2 -
127.0.0.1 - - [07/May/2024:22:59:29 +0800] "GET /nacos/v1/ns/instance/list?app=unknown&healthyOnly=false&namespaceId=35dab273-9839-482a-b612-4db725b5c8e4&clientIP=10.2.0.152&serviceName=DEFAULT_GROUP%40%40user-service&udpPort=65292&clusters=Chengdu HTTP/1.1" 200 573 2 Nacos-Java-Client:v1.4.2 -
0:0:0:0:0:0:0:1 - - [07/May/2024:22:59:29 +0800] "GET /nacos HTTP/1.1" 302 - 0 Mozilla/5.0 (Windows NT 10.0; Win64; x64) AppleWebKit/537.36 (KHTML, like Gecko) Chrome/124.0.0.0 Safari/537.36 Edg/124.0.0.0 -
0:0:0:0:0:0:0:1 - - [07/May/2024:22:59:29 +0800] "GET /nacos/v1/console/server/state?accessToken=eyJhbGciOiJIUzI1NiJ9.eyJzdWIiOiJuYWNvcyIsImV4cCI6MTcxNDczNzExM30.y7DuofDPfbAmVYoYoCvk3lLWXMKamPhgehKxowTnR-4&username=nacos HTTP/1.1" 200 82 3 Mozilla/5.0 (Windows NT 10.0; Win64; x64) AppleWebKit/537.36 (KHTML, like Gecko) Chrome/124.0.0.0 Safari/537.36 Edg/124.0.0.0 -
0:0:0:0:0:0:0:1 - - [07/May/2024:22:59:29 +0800] "GET /nacos/v1/console/server/state?accessToken=eyJhbGciOiJIUzI1NiJ9.eyJzdWIiOiJuYWNvcyIsImV4cCI6MTcxNDczNzExM30.y7DuofDPfbAmVYoYoCvk3lLWXMKamPhgehKxowTnR-4&username=nacos HTTP/1.1" 200 82 3 Mozilla/5.0 (Windows NT 10.0; Win64; x64) AppleWebKit/537.36 (KHTML, like Gecko) Chrome/124.0.0.0 Safari/537.36 Edg/124.0.0.0 -
0:0:0:0:0:0:0:1 - - [07/May/2024:22:59:29 +0800] "GET /nacos/v1/console/server/announcement?language=zh-CN&accessToken=eyJhbGciOiJIUzI1NiJ9.eyJzdWIiOiJuYWNvcyIsImV4cCI6MTcxNDczNzExM30.y7DuofDPfbAmVYoYoCvk3lLWXMKamPhgehKxowTnR-4&username=nacos HTTP/1.1" 404 169 9 Mozilla/5.0 (Windows NT 10.0; Win64; x64) AppleWebKit/537.36 (KHTML, like Gecko) Chrome/124.0.0.0 Safari/537.36 Edg/124.0.0.0 -
0:0:0:0:0:0:0:1 - - [07/May/2024:22:59:29 +0800] "GET /nacos/v1/console/server/guide?accessToken=eyJhbGciOiJIUzI1NiJ9.eyJzdWIiOiJuYWNvcyIsImV4cCI6MTcxNDczNzExM30.y7DuofDPfbAmVYoYoCvk3lLWXMKamPhgehKxowTnR-4&username=nacos HTTP/1.1" 404 162 9 Mozilla/5.0 (Windows NT 10.0; Win64; x64) AppleWebKit/537.36 (KHTML, like Gecko) Chrome/124.0.0.0 Safari/537.36 Edg/124.0.0.0 -
127.0.0.1 - - [07/May/2024:22:59:30 +0800] "PUT /nacos/v1/ns/instance/beat?app=unknown&serviceName=DEFAULT_GROUP%40%40user-service&namespaceId=35dab273-9839-482a-b612-4db725b5c8e4&port=8101&clusterName=Chongqing&ip=192.168.60.1 HTTP/1.1" 200 75 3 Nacos-Java-Client:v1.4.2 -
127.0.0.1 - - [07/May/2024:22:59:31 +0800] "GET /nacos/v1/ns/instance/list?app=unknown&healthyOnly=false&namespaceId=35dab273-9839-482a-b612-4db725b5c8e4&clientIP=10.2.0.152&serviceName=DEFAULT_GROUP%40%40user-service&udpPort=50117&clusters=Chongqing HTTP/1.1" 200 579 3 Nacos-Java-Client:v1.4.2 -
127.0.0.1 - - [07/May/2024:22:59:32 +0800] "PUT /nacos/v1/ns/instance/beat?app=unknown&serviceName=DEFAULT_GROUP%40%40book-service&namespaceId=public&port=8202&clusterName=Chengdu&ip=192.168.60.1 HTTP/1.1" 200 75 3 Nacos-Java-Client:v1.4.2 -
127.0.0.1 - - [07/May/2024:22:59:32 +0800] "GET /nacos/v1/ns/instance/list?app=unknown&healthyOnly=false&namespaceId=public&clientIP=10.2.0.152&serviceName=DEFAULT_GROUP%40%40borrow-service&udpPort=55747&clusters=Chengdu HTTP/1.1" 200 582 2 Nacos-Java-Client:v1.4.2 -
127.0.0.1 - - [07/May/2024:22:59:33 +0800] "GET /nacos/v1/ns/instance/list?app=unknown&healthyOnly=false&namespaceId=public&clientIP=10.2.0.152&serviceName=DEFAULT_GROUP%40%40book-service&udpPort=61453&clusters=Chengdu HTTP/1.1" 200 573 4 Nacos-Java-Client:v1.4.2 -
0:0:0:0:0:0:0:1 - - [07/May/2024:22:59:33 +0800] "GET /nacos HTTP/1.1" 302 - 0 Mozilla/5.0 (Windows NT 10.0; Win64; x64) AppleWebKit/537.36 (KHTML, like Gecko) Chrome/124.0.0.0 Safari/537.36 Edg/124.0.0.0 -
127.0.0.1 - - [07/May/2024:22:59:33 +0800] "PUT /nacos/v1/ns/instance/beat?app=unknown&serviceName=DEFAULT_GROUP%40%40user-service&namespaceId=35dab273-9839-482a-b612-4db725b5c8e4&port=8102&clusterName=Chengdu&ip=192.168.60.1 HTTP/1.1" 200 75 2 Nacos-Java-Client:v1.4.2 -
0:0:0:0:0:0:0:1 - - [07/May/2024:22:59:33 +0800] "GET /nacos/v1/console/server/state?accessToken=eyJhbGciOiJIUzI1NiJ9.eyJzdWIiOiJuYWNvcyIsImV4cCI6MTcxNDczNzExM30.y7DuofDPfbAmVYoYoCvk3lLWXMKamPhgehKxowTnR-4&username=nacos HTTP/1.1" 200 82 2 Mozilla/5.0 (Windows NT 10.0; Win64; x64) AppleWebKit/537.36 (KHTML, like Gecko) Chrome/124.0.0.0 Safari/537.36 Edg/124.0.0.0 -
0:0:0:0:0:0:0:1 - - [07/May/2024:22:59:33 +0800] "GET /nacos/v1/console/server/announcement?language=zh-CN&accessToken=eyJhbGciOiJIUzI1NiJ9.eyJzdWIiOiJuYWNvcyIsImV4cCI6MTcxNDczNzExM30.y7DuofDPfbAmVYoYoCvk3lLWXMKamPhgehKxowTnR-4&username=nacos HTTP/1.1" 404 169 5 Mozilla/5.0 (Windows NT 10.0; Win64; x64) AppleWebKit/537.36 (KHTML, like Gecko) Chrome/124.0.0.0 Safari/537.36 Edg/124.0.0.0 -
0:0:0:0:0:0:0:1 - - [07/May/2024:22:59:33 +0800] "GET /nacos/v1/console/server/guide?accessToken=eyJhbGciOiJIUzI1NiJ9.eyJzdWIiOiJuYWNvcyIsImV4cCI6MTcxNDczNzExM30.y7DuofDPfbAmVYoYoCvk3lLWXMKamPhgehKxowTnR-4&username=nacos HTTP/1.1" 404 162 4 Mozilla/5.0 (Windows NT 10.0; Win64; x64) AppleWebKit/537.36 (KHTML, like Gecko) Chrome/124.0.0.0 Safari/537.36 Edg/124.0.0.0 -
0:0:0:0:0:0:0:1 - - [07/May/2024:22:59:33 +0800] "GET /nacos/v1/console/server/state?accessToken=eyJhbGciOiJIUzI1NiJ9.eyJzdWIiOiJuYWNvcyIsImV4cCI6MTcxNDczNzExM30.y7DuofDPfbAmVYoYoCvk3lLWXMKamPhgehKxowTnR-4&username=nacos HTTP/1.1" 200 82 2 Mozilla/5.0 (Windows NT 10.0; Win64; x64) AppleWebKit/537.36 (KHTML, like Gecko) Chrome/124.0.0.0 Safari/537.36 Edg/124.0.0.0 -
127.0.0.1 - - [07/May/2024:22:59:34 +0800] "PUT /nacos/v1/ns/instance/beat?app=unknown&serviceName=DEFAULT_GROUP%40%40book-service&namespaceId=public&port=8201&clusterName=Chongqing&ip=192.168.60.1 HTTP/1.1" 200 75 3 Nacos-Java-Client:v1.4.2 -
127.0.0.1 - - [07/May/2024:22:59:35 +0800] "GET /nacos/v1/ns/instance/list?app=unknown&healthyOnly=false&namespaceId=public&clientIP=10.2.0.152&serviceName=DEFAULT_GROUP%40%40book-service&udpPort=55017&clusters=Chongqing HTTP/1.1" 200 579 3 Nacos-Java-Client:v1.4.2 -
127.0.0.1 - - [07/May/2024:22:59:35 +0800] "PUT /nacos/v1/ns/instance/beat?app=unknown&serviceName=DEFAULT_GROUP%40%40user-service&namespaceId=35dab273-9839-482a-b612-4db725b5c8e4&port=8101&clusterName=Chongqing&ip=192.168.60.1 HTTP/1.1" 200 75 3 Nacos-Java-Client:v1.4.2 -
0:0:0:0:0:0:0:1 - - [07/May/2024:22:59:36 +0800] "GET /nacos HTTP/1.1" 302 - 0 Mozilla/5.0 (Windows NT 10.0; Win64; x64) AppleWebKit/537.36 (KHTML, like Gecko) Chrome/124.0.0.0 Safari/537.36 Edg/124.0.0.0 -
0:0:0:0:0:0:0:1 - - [07/May/2024:22:59:36 +0800] "GET /nacos/v1/console/server/state?accessToken=eyJhbGciOiJIUzI1NiJ9.eyJzdWIiOiJuYWNvcyIsImV4cCI6MTcxNDczNzExM30.y7DuofDPfbAmVYoYoCvk3lLWXMKamPhgehKxowTnR-4&username=nacos HTTP/1.1" 200 82 4 Mozilla/5.0 (Windows NT 10.0; Win64; x64) AppleWebKit/537.36 (KHTML, like Gecko) Chrome/124.0.0.0 Safari/537.36 Edg/124.0.0.0 -
0:0:0:0:0:0:0:1 - - [07/May/2024:22:59:36 +0800] "GET /nacos/v1/console/server/state?accessToken=eyJhbGciOiJIUzI1NiJ9.eyJzdWIiOiJuYWNvcyIsImV4cCI6MTcxNDczNzExM30.y7DuofDPfbAmVYoYoCvk3lLWXMKamPhgehKxowTnR-4&username=nacos HTTP/1.1" 200 82 3 Mozilla/5.0 (Windows NT 10.0; Win64; x64) AppleWebKit/537.36 (KHTML, like Gecko) Chrome/124.0.0.0 Safari/537.36 Edg/124.0.0.0 -
0:0:0:0:0:0:0:1 - - [07/May/2024:22:59:36 +0800] "GET /nacos/v1/console/server/announcement?language=zh-CN&accessToken=eyJhbGciOiJIUzI1NiJ9.eyJzdWIiOiJuYWNvcyIsImV4cCI6MTcxNDczNzExM30.y7DuofDPfbAmVYoYoCvk3lLWXMKamPhgehKxowTnR-4&username=nacos HTTP/1.1" 404 169 7 Mozilla/5.0 (Windows NT 10.0; Win64; x64) AppleWebKit/537.36 (KHTML, like Gecko) Chrome/124.0.0.0 Safari/537.36 Edg/124.0.0.0 -
0:0:0:0:0:0:0:1 - - [07/May/2024:22:59:36 +0800] "GET /nacos/v1/console/server/guide?accessToken=eyJhbGciOiJIUzI1NiJ9.eyJzdWIiOiJuYWNvcyIsImV4cCI6MTcxNDczNzExM30.y7DuofDPfbAmVYoYoCvk3lLWXMKamPhgehKxowTnR-4&username=nacos HTTP/1.1" 404 162 5 Mozilla/5.0 (Windows NT 10.0; Win64; x64) AppleWebKit/537.36 (KHTML, like Gecko) Chrome/124.0.0.0 Safari/537.36 Edg/124.0.0.0 -
127.0.0.1 - - [07/May/2024:22:59:37 +0800] "PUT /nacos/v1/ns/instance/beat?app=unknown&serviceName=DEFAULT_GROUP%40%40book-service&namespaceId=public&port=8202&clusterName=Chengdu&ip=192.168.60.1 HTTP/1.1" 200 75 4 Nacos-Java-Client:v1.4.2 -
127.0.0.1 - - [07/May/2024:22:59:38 +0800] "PUT /nacos/v1/ns/instance/beat?app=unknown&serviceName=DEFAULT_GROUP%40%40user-service&namespaceId=35dab273-9839-482a-b612-4db725b5c8e4&port=8102&clusterName=Chengdu&ip=192.168.60.1 HTTP/1.1" 200 75 3 Nacos-Java-Client:v1.4.2 -
127.0.0.1 - - [07/May/2024:22:59:39 +0800] "PUT /nacos/v1/ns/instance/beat?app=unknown&serviceName=DEFAULT_GROUP%40%40book-service&namespaceId=public&port=8201&clusterName=Chongqing&ip=192.168.60.1 HTTP/1.1" 200 75 2 Nacos-Java-Client:v1.4.2 -
127.0.0.1 - - [07/May/2024:22:59:39 +0800] "GET /nacos/v1/ns/instance/list?app=unknown&healthyOnly=false&namespaceId=35dab273-9839-482a-b612-4db725b5c8e4&clientIP=10.2.0.152&serviceName=DEFAULT_GROUP%40%40user-service&udpPort=65292&clusters=Chengdu HTTP/1.1" 200 573 3 Nacos-Java-Client:v1.4.2 -
127.0.0.1 - - [07/May/2024:22:59:40 +0800] "PUT /nacos/v1/ns/instance/beat?app=unknown&serviceName=DEFAULT_GROUP%40%40user-service&namespaceId=35dab273-9839-482a-b612-4db725b5c8e4&port=8101&clusterName=Chongqing&ip=192.168.60.1 HTTP/1.1" 200 75 3 Nacos-Java-Client:v1.4.2 -
127.0.0.1 - - [07/May/2024:22:59:41 +0800] "GET /nacos/v1/ns/instance/list?app=unknown&healthyOnly=false&namespaceId=35dab273-9839-482a-b612-4db725b5c8e4&clientIP=10.2.0.152&serviceName=DEFAULT_GROUP%40%40user-service&udpPort=50117&clusters=Chongqing HTTP/1.1" 200 579 3 Nacos-Java-Client:v1.4.2 -
127.0.0.1 - - [07/May/2024:22:59:42 +0800] "PUT /nacos/v1/ns/instance/beat?app=unknown&serviceName=DEFAULT_GROUP%40%40book-service&namespaceId=public&port=8202&clusterName=Chengdu&ip=192.168.60.1 HTTP/1.1" 200 75 3 Nacos-Java-Client:v1.4.2 -
127.0.0.1 - - [07/May/2024:22:59:42 +0800] "GET /nacos/v1/ns/instance/list?app=unknown&healthyOnly=false&namespaceId=public&clientIP=10.2.0.152&serviceName=DEFAULT_GROUP%40%40borrow-service&udpPort=55747&clusters=Chengdu HTTP/1.1" 200 582 3 Nacos-Java-Client:v1.4.2 -
127.0.0.1 - - [07/May/2024:22:59:43 +0800] "GET /nacos/v1/ns/instance/list?app=unknown&healthyOnly=false&namespaceId=public&clientIP=10.2.0.152&serviceName=DEFAULT_GROUP%40%40book-service&udpPort=61453&clusters=Chengdu HTTP/1.1" 200 573 3 Nacos-Java-Client:v1.4.2 -
127.0.0.1 - - [07/May/2024:22:59:43 +0800] "PUT /nacos/v1/ns/instance/beat?app=unknown&serviceName=DEFAULT_GROUP%40%40user-service&namespaceId=35dab273-9839-482a-b612-4db725b5c8e4&port=8102&clusterName=Chengdu&ip=192.168.60.1 HTTP/1.1" 200 75 3 Nacos-Java-Client:v1.4.2 -
127.0.0.1 - - [07/May/2024:22:59:44 +0800] "PUT /nacos/v1/ns/instance/beat?app=unknown&serviceName=DEFAULT_GROUP%40%40book-service&namespaceId=public&port=8201&clusterName=Chongqing&ip=192.168.60.1 HTTP/1.1" 200 75 3 Nacos-Java-Client:v1.4.2 -
127.0.0.1 - - [07/May/2024:22:59:45 +0800] "GET /nacos/v1/ns/instance/list?app=unknown&healthyOnly=false&namespaceId=public&clientIP=10.2.0.152&serviceName=DEFAULT_GROUP%40%40book-service&udpPort=55017&clusters=Chongqing HTTP/1.1" 200 579 3 Nacos-Java-Client:v1.4.2 -
127.0.0.1 - - [07/May/2024:22:59:45 +0800] "PUT /nacos/v1/ns/instance/beat?app=unknown&serviceName=DEFAULT_GROUP%40%40user-service&namespaceId=35dab273-9839-482a-b612-4db725b5c8e4&port=8101&clusterName=Chongqing&ip=192.168.60.1 HTTP/1.1" 200 75 3 Nacos-Java-Client:v1.4.2 -
127.0.0.1 - - [07/May/2024:22:59:47 +0800] "PUT /nacos/v1/ns/instance/beat?app=unknown&serviceName=DEFAULT_GROUP%40%40book-service&namespaceId=public&port=8202&clusterName=Chengdu&ip=192.168.60.1 HTTP/1.1" 200 75 3 Nacos-Java-Client:v1.4.2 -
127.0.0.1 - - [07/May/2024:22:59:48 +0800] "PUT /nacos/v1/ns/instance/beat?app=unknown&serviceName=DEFAULT_GROUP%40%40user-service&namespaceId=35dab273-9839-482a-b612-4db725b5c8e4&port=8102&clusterName=Chengdu&ip=192.168.60.1 HTTP/1.1" 200 75 3 Nacos-Java-Client:v1.4.2 -
127.0.0.1 - - [07/May/2024:22:59:49 +0800] "PUT /nacos/v1/ns/instance/beat?app=unknown&serviceName=DEFAULT_GROUP%40%40book-service&namespaceId=public&port=8201&clusterName=Chongqing&ip=192.168.60.1 HTTP/1.1" 200 75 3 Nacos-Java-Client:v1.4.2 -
127.0.0.1 - - [07/May/2024:22:59:49 +0800] "GET /nacos/v1/ns/instance/list?app=unknown&healthyOnly=false&namespaceId=35dab273-9839-482a-b612-4db725b5c8e4&clientIP=10.2.0.152&serviceName=DEFAULT_GROUP%40%40user-service&udpPort=65292&clusters=Chengdu HTTP/1.1" 200 573 3 Nacos-Java-Client:v1.4.2 -
127.0.0.1 - - [07/May/2024:22:59:49 +0800] "POST /nacos/v1/cs/configs/listener HTTP/1.1" 200 - 29507 Java/1.8.0_412 -
127.0.0.1 - - [07/May/2024:22:59:50 +0800] "PUT /nacos/v1/ns/instance/beat?app=unknown&serviceName=DEFAULT_GROUP%40%40user-service&namespaceId=35dab273-9839-482a-b612-4db725b5c8e4&port=8101&clusterName=Chongqing&ip=192.168.60.1 HTTP/1.1" 200 75 3 Nacos-Java-Client:v1.4.2 -
127.0.0.1 - - [07/May/2024:22:59:51 +0800] "GET /nacos/v1/ns/instance/list?app=unknown&healthyOnly=false&namespaceId=35dab273-9839-482a-b612-4db725b5c8e4&clientIP=10.2.0.152&serviceName=DEFAULT_GROUP%40%40user-service&udpPort=50117&clusters=Chongqing HTTP/1.1" 200 579 3 Nacos-Java-Client:v1.4.2 -
127.0.0.1 - - [07/May/2024:22:59:51 +0800] "POST /nacos/v1/cs/configs/listener HTTP/1.1" 200 - 29503 Java/1.8.0_412 -
127.0.0.1 - - [07/May/2024:22:59:52 +0800] "PUT /nacos/v1/ns/instance/beat?app=unknown&serviceName=DEFAULT_GROUP%40%40book-service&namespaceId=public&port=8202&clusterName=Chengdu&ip=192.168.60.1 HTTP/1.1" 200 75 3 Nacos-Java-Client:v1.4.2 -
127.0.0.1 - - [07/May/2024:22:59:52 +0800] "GET /nacos/v1/ns/instance/list?app=unknown&healthyOnly=false&namespaceId=public&clientIP=10.2.0.152&serviceName=DEFAULT_GROUP%40%40borrow-service&udpPort=55747&clusters=Chengdu HTTP/1.1" 200 582 3 Nacos-Java-Client:v1.4.2 -
127.0.0.1 - - [07/May/2024:22:59:53 +0800] "GET /nacos/v1/ns/instance/list?app=unknown&healthyOnly=false&namespaceId=public&clientIP=10.2.0.152&serviceName=DEFAULT_GROUP%40%40book-service&udpPort=61453&clusters=Chengdu HTTP/1.1" 200 573 2 Nacos-Java-Client:v1.4.2 -
127.0.0.1 - - [07/May/2024:22:59:53 +0800] "PUT /nacos/v1/ns/instance/beat?app=unknown&serviceName=DEFAULT_GROUP%40%40user-service&namespaceId=35dab273-9839-482a-b612-4db725b5c8e4&port=8102&clusterName=Chengdu&ip=192.168.60.1 HTTP/1.1" 200 75 2 Nacos-Java-Client:v1.4.2 -
127.0.0.1 - - [07/May/2024:22:59:54 +0800] "PUT /nacos/v1/ns/instance/beat?app=unknown&serviceName=DEFAULT_GROUP%40%40book-service&namespaceId=public&port=8201&clusterName=Chongqing&ip=192.168.60.1 HTTP/1.1" 200 75 2 Nacos-Java-Client:v1.4.2 -
127.0.0.1 - - [07/May/2024:22:59:55 +0800] "GET /nacos/v1/ns/instance/list?app=unknown&healthyOnly=false&namespaceId=public&clientIP=10.2.0.152&serviceName=DEFAULT_GROUP%40%40book-service&udpPort=55017&clusters=Chongqing HTTP/1.1" 200 579 3 Nacos-Java-Client:v1.4.2 -
127.0.0.1 - - [07/May/2024:22:59:55 +0800] "PUT /nacos/v1/ns/instance/beat?app=unknown&serviceName=DEFAULT_GROUP%40%40user-service&namespaceId=35dab273-9839-482a-b612-4db725b5c8e4&port=8101&clusterName=Chongqing&ip=192.168.60.1 HTTP/1.1" 200 75 2 Nacos-Java-Client:v1.4.2 -
127.0.0.1 - - [07/May/2024:22:59:57 +0800] "PUT /nacos/v1/ns/instance/beat?app=unknown&serviceName=DEFAULT_GROUP%40%40book-service&namespaceId=public&port=8202&clusterName=Chengdu&ip=192.168.60.1 HTTP/1.1" 200 75 3 Nacos-Java-Client:v1.4.2 -
127.0.0.1 - - [07/May/2024:22:59:58 +0800] "PUT /nacos/v1/ns/instance/beat?app=unknown&serviceName=DEFAULT_GROUP%40%40user-service&namespaceId=35dab273-9839-482a-b612-4db725b5c8e4&port=8102&clusterName=Chengdu&ip=192.168.60.1 HTTP/1.1" 200 75 2 Nacos-Java-Client:v1.4.2 -
127.0.0.1 - - [07/May/2024:22:59:59 +0800] "PUT /nacos/v1/ns/instance/beat?app=unknown&serviceName=DEFAULT_GROUP%40%40book-service&namespaceId=public&port=8201&clusterName=Chongqing&ip=192.168.60.1 HTTP/1.1" 200 75 3 Nacos-Java-Client:v1.4.2 -
127.0.0.1 - - [07/May/2024:22:59:59 +0800] "GET /nacos/v1/ns/instance/list?app=unknown&healthyOnly=false&namespaceId=35dab273-9839-482a-b612-4db725b5c8e4&clientIP=10.2.0.152&serviceName=DEFAULT_GROUP%40%40user-service&udpPort=65292&clusters=Chengdu HTTP/1.1" 200 573 3 Nacos-Java-Client:v1.4.2 -
0:0:0:0:0:0:0:1 - - [07/May/2024:23:00:00 +0800] "GET / HTTP/1.1" 404 431 3 Mozilla/5.0 (Windows NT 10.0; Win64; x64) AppleWebKit/537.36 (KHTML, like Gecko) Chrome/124.0.0.0 Safari/537.36 Edg/124.0.0.0 -
127.0.0.1 - - [07/May/2024:23:00:00 +0800] "PUT /nacos/v1/ns/instance/beat?app=unknown&serviceName=DEFAULT_GROUP%40%40user-service&namespaceId=35dab273-9839-482a-b612-4db725b5c8e4&port=8101&clusterName=Chongqing&ip=192.168.60.1 HTTP/1.1" 200 75 4 Nacos-Java-Client:v1.4.2 -
0:0:0:0:0:0:0:1 - - [07/May/2024:23:00:00 +0800] "GET /favicon.ico HTTP/1.1" 404 431 1 Mozilla/5.0 (Windows NT 10.0; Win64; x64) AppleWebKit/537.36 (KHTML, like Gecko) Chrome/124.0.0.0 Safari/537.36 Edg/124.0.0.0 -
127.0.0.1 - - [07/May/2024:23:00:01 +0800] "GET /nacos/v1/ns/instance/list?app=unknown&healthyOnly=false&namespaceId=35dab273-9839-482a-b612-4db725b5c8e4&clientIP=10.2.0.152&serviceName=DEFAULT_GROUP%40%40user-service&udpPort=50117&clusters=Chongqing HTTP/1.1" 200 579 4 Nacos-Java-Client:v1.4.2 -
127.0.0.1 - - [07/May/2024:23:00:02 +0800] "PUT /nacos/v1/ns/instance/beat?app=unknown&serviceName=DEFAULT_GROUP%40%40book-service&namespaceId=public&port=8202&clusterName=Chengdu&ip=192.168.60.1 HTTP/1.1" 200 75 2 Nacos-Java-Client:v1.4.2 -
127.0.0.1 - - [07/May/2024:23:00:02 +0800] "GET /nacos/v1/ns/instance/list?app=unknown&healthyOnly=false&namespaceId=public&clientIP=10.2.0.152&serviceName=DEFAULT_GROUP%40%40borrow-service&udpPort=55747&clusters=Chengdu HTTP/1.1" 200 582 3 Nacos-Java-Client:v1.4.2 -
127.0.0.1 - - [07/May/2024:23:00:03 +0800] "GET /nacos/v1/ns/instance/list?app=unknown&healthyOnly=false&namespaceId=public&clientIP=10.2.0.152&serviceName=DEFAULT_GROUP%40%40book-service&udpPort=61453&clusters=Chengdu HTTP/1.1" 200 573 3 Nacos-Java-Client:v1.4.2 -
127.0.0.1 - - [07/May/2024:23:00:03 +0800] "PUT /nacos/v1/ns/instance/beat?app=unknown&serviceName=DEFAULT_GROUP%40%40user-service&namespaceId=35dab273-9839-482a-b612-4db725b5c8e4&port=8102&clusterName=Chengdu&ip=192.168.60.1 HTTP/1.1" 200 75 3 Nacos-Java-Client:v1.4.2 -
127.0.0.1 - - [07/May/2024:23:00:04 +0800] "PUT /nacos/v1/ns/instance/beat?app=unknown&serviceName=DEFAULT_GROUP%40%40book-service&namespaceId=public&port=8201&clusterName=Chongqing&ip=192.168.60.1 HTTP/1.1" 200 75 2 Nacos-Java-Client:v1.4.2 -
0:0:0:0:0:0:0:1 - - [07/May/2024:23:00:04 +0800] "GET /nacos HTTP/1.1" 302 - 0 Mozilla/5.0 (Windows NT 10.0; Win64; x64) AppleWebKit/537.36 (KHTML, like Gecko) Chrome/124.0.0.0 Safari/537.36 Edg/124.0.0.0 -
0:0:0:0:0:0:0:1 - - [07/May/2024:23:00:05 +0800] "GET /nacos/console-ui/public/js/codemirror.addone.fullscreen.js HTTP/1.1" 200 1983 3 Mozilla/5.0 (Windows NT 10.0; Win64; x64) AppleWebKit/537.36 (KHTML, like Gecko) Chrome/124.0.0.0 Safari/537.36 Edg/124.0.0.0 -
0:0:0:0:0:0:0:1 - - [07/May/2024:23:00:05 +0800] "GET /nacos/console-ui/public/js/xml.js HTTP/1.1" 200 13059 4 Mozilla/5.0 (Windows NT 10.0; Win64; x64) AppleWebKit/537.36 (KHTML, like Gecko) Chrome/124.0.0.0 Safari/537.36 Edg/124.0.0.0 -
0:0:0:0:0:0:0:1 - - [07/May/2024:23:00:05 +0800] "GET /nacos/console-ui/public/js/codemirror.addone.lint.js HTTP/1.1" 200 8521 3 Mozilla/5.0 (Windows NT 10.0; Win64; x64) AppleWebKit/537.36 (KHTML, like Gecko) Chrome/124.0.0.0 Safari/537.36 Edg/124.0.0.0 -
0:0:0:0:0:0:0:1 - - [07/May/2024:23:00:05 +0800] "GET /nacos/console-ui/public/js/javascript.js HTTP/1.1" 200 32209 4 Mozilla/5.0 (Windows NT 10.0; Win64; x64) AppleWebKit/537.36 (KHTML, like Gecko) Chrome/124.0.0.0 Safari/537.36 Edg/124.0.0.0 -
0:0:0:0:0:0:0:1 - - [07/May/2024:23:00:05 +0800] "GET /nacos/console-ui/public/js/jquery.js HTTP/1.1" 200 89476 6 Mozilla/5.0 (Windows NT 10.0; Win64; x64) AppleWebKit/537.36 (KHTML, like Gecko) Chrome/124.0.0.0 Safari/537.36 Edg/124.0.0.0 -
0:0:0:0:0:0:0:1 - - [07/May/2024:23:00:05 +0800] "GET /nacos/console-ui/public/js/codemirror.js HTTP/1.1" 200 366246 9 Mozilla/5.0 (Windows NT 10.0; Win64; x64) AppleWebKit/537.36 (KHTML, like Gecko) Chrome/124.0.0.0 Safari/537.36 Edg/124.0.0.0 -
0:0:0:0:0:0:0:1 - - [07/May/2024:23:00:05 +0800] "GET /nacos/console-ui/public/js/diff_match_patch.js HTTP/1.1" 200 19192 3 Mozilla/5.0 (Windows NT 10.0; Win64; x64) AppleWebKit/537.36 (KHTML, like Gecko) Chrome/124.0.0.0 Safari/537.36 Edg/124.0.0.0 -
0:0:0:0:0:0:0:1 - - [07/May/2024:23:00:05 +0800] "GET /nacos/console-ui/public/js/codemirror.lib.json-lint.js HTTP/1.1" 200 16798 4 Mozilla/5.0 (Windows NT 10.0; Win64; x64) AppleWebKit/537.36 (KHTML, like Gecko) Chrome/124.0.0.0 Safari/537.36 Edg/124.0.0.0 -
0:0:0:0:0:0:0:1 - - [07/May/2024:23:00:05 +0800] "GET /nacos/console-ui/public/js/codemirror.addone.json-lint.js HTTP/1.1" 200 1443 4 Mozilla/5.0 (Windows NT 10.0; Win64; x64) AppleWebKit/537.36 (KHTML, like Gecko) Chrome/124.0.0.0 Safari/537.36 Edg/124.0.0.0 -
0:0:0:0:0:0:0:1 - - [07/May/2024:23:00:05 +0800] "GET /nacos/console-ui/public/js/merge.js HTTP/1.1" 200 37883 3 Mozilla/5.0 (Windows NT 10.0; Win64; x64) AppleWebKit/537.36 (KHTML, like Gecko) Chrome/124.0.0.0 Safari/537.36 Edg/124.0.0.0 -
0:0:0:0:0:0:0:1 - - [07/May/2024:23:00:05 +0800] "GET /nacos/console-ui/public/js/codemirror.lib.clike-lint.js HTTP/1.1" 200 31531 4 Mozilla/5.0 (Windows NT 10.0; Win64; x64) AppleWebKit/537.36 (KHTML, like Gecko) Chrome/124.0.0.0 Safari/537.36 Edg/124.0.0.0 -
0:0:0:0:0:0:0:1 - - [07/May/2024:23:00:05 +0800] "GET /nacos/console-ui/public/js/loader.js HTTP/1.1" 200 28899 3 Mozilla/5.0 (Windows NT 10.0; Win64; x64) AppleWebKit/537.36 (KHTML, like Gecko) Chrome/124.0.0.0 Safari/537.36 Edg/124.0.0.0 -
0:0:0:0:0:0:0:1 - - [07/May/2024:23:00:05 +0800] "GET /nacos/js/main.js?aaab5fd5630d74e778ed HTTP/1.1" 200 1459211 18 Mozilla/5.0 (Windows NT 10.0; Win64; x64) AppleWebKit/537.36 (KHTML, like Gecko) Chrome/124.0.0.0 Safari/537.36 Edg/124.0.0.0 -
0:0:0:0:0:0:0:1 - - [07/May/2024:23:00:05 +0800] "GET /nacos/v1/console/server/state?accessToken=eyJhbGciOiJIUzI1NiJ9.eyJzdWIiOiJuYWNvcyIsImV4cCI6MTcxNDczNzExM30.y7DuofDPfbAmVYoYoCvk3lLWXMKamPhgehKxowTnR-4&username=nacos HTTP/1.1" 200 82 2 Mozilla/5.0 (Windows NT 10.0; Win64; x64) AppleWebKit/537.36 (KHTML, like Gecko) Chrome/124.0.0.0 Safari/537.36 Edg/124.0.0.0 -
0:0:0:0:0:0:0:1 - - [07/May/2024:23:00:05 +0800] "GET /nacos/img/logo-2000-390.svg HTTP/1.1" 200 2106 4 Mozilla/5.0 (Windows NT 10.0; Win64; x64) AppleWebKit/537.36 (KHTML, like Gecko) Chrome/124.0.0.0 Safari/537.36 Edg/124.0.0.0 -
0:0:0:0:0:0:0:1 - - [07/May/2024:23:00:05 +0800] "GET /nacos/console-ui/public/fonts/roboto-regular.woff2 HTTP/1.1" 200 19988 8 Mozilla/5.0 (Windows NT 10.0; Win64; x64) AppleWebKit/537.36 (KHTML, like Gecko) Chrome/124.0.0.0 Safari/537.36 Edg/124.0.0.0 -
0:0:0:0:0:0:0:1 - - [07/May/2024:23:00:05 +0800] "GET /nacos/console-ui/public/fonts/font_1533967_slipq25tezj.woff2 HTTP/1.1" 404 193 12 Mozilla/5.0 (Windows NT 10.0; Win64; x64) AppleWebKit/537.36 (KHTML, like Gecko) Chrome/124.0.0.0 Safari/537.36 Edg/124.0.0.0 -
0:0:0:0:0:0:0:1 - - [07/May/2024:23:00:05 +0800] "GET /nacos/v1/console/namespaces?&accessToken=eyJhbGciOiJIUzI1NiJ9.eyJzdWIiOiJuYWNvcyIsImV4cCI6MTcxNDczNzExM30.y7DuofDPfbAmVYoYoCvk3lLWXMKamPhgehKxowTnR-4&username=nacos&namespaceId=35dab273-9839-482a-b612-4db725b5c8e4 HTTP/1.1" 200 130 25 Mozilla/5.0 (Windows NT 10.0; Win64; x64) AppleWebKit/537.36 (KHTML, like Gecko) Chrome/124.0.0.0 Safari/537.36 Edg/124.0.0.0 -
127.0.0.1 - - [07/May/2024:23:00:05 +0800] "GET /nacos/v1/ns/instance/list?app=unknown&healthyOnly=false&namespaceId=public&clientIP=10.2.0.152&serviceName=DEFAULT_GROUP%40%40book-service&udpPort=55017&clusters=Chongqing HTTP/1.1" 200 579 3 Nacos-Java-Client:v1.4.2 -
0:0:0:0:0:0:0:1 - - [07/May/2024:23:00:05 +0800] "GET /nacos/console-ui/public/fonts/roboto-bold.woff2 HTTP/1.1" 200 20248 3 Mozilla/5.0 (Windows NT 10.0; Win64; x64) AppleWebKit/537.36 (KHTML, like Gecko) Chrome/124.0.0.0 Safari/537.36 Edg/124.0.0.0 -
0:0:0:0:0:0:0:1 - - [07/May/2024:23:00:05 +0800] "GET /nacos/v1/cs/configs?dataId=&group=&appName=&config_tags=&pageNo=1&pageSize=10&tenant=&search=accurate&accessToken=eyJhbGciOiJIUzI1NiJ9.eyJzdWIiOiJuYWNvcyIsImV4cCI6MTcxNDczNzExM30.y7DuofDPfbAmVYoYoCvk3lLWXMKamPhgehKxowTnR-4&username=nacos HTTP/1.1" 200 76 13 Mozilla/5.0 (Windows NT 10.0; Win64; x64) AppleWebKit/537.36 (KHTML, like Gecko) Chrome/124.0.0.0 Safari/537.36 Edg/124.0.0.0 -
0:0:0:0:0:0:0:1 - - [07/May/2024:23:00:05 +0800] "GET /nacos/console-ui/public/fonts/font_1533967_slipq25tezj.woff HTTP/1.1" 404 192 6 Mozilla/5.0 (Windows NT 10.0; Win64; x64) AppleWebKit/537.36 (KHTML, like Gecko) Chrome/124.0.0.0 Safari/537.36 Edg/124.0.0.0 -
0:0:0:0:0:0:0:1 - - [07/May/2024:23:00:05 +0800] "GET /nacos/console-ui/public/fonts/font_1533967_slipq25tezj.ttf HTTP/1.1" 404 191 7 Mozilla/5.0 (Windows NT 10.0; Win64; x64) AppleWebKit/537.36 (KHTML, like Gecko) Chrome/124.0.0.0 Safari/537.36 Edg/124.0.0.0 -
0:0:0:0:0:0:0:1 - - [07/May/2024:23:00:05 +0800] "GET /nacos/console-ui/public/icons/icon-font.woff2 HTTP/1.1" 200 4368 3 Mozilla/5.0 (Windows NT 10.0; Win64; x64) AppleWebKit/537.36 (KHTML, like Gecko) Chrome/124.0.0.0 Safari/537.36 Edg/124.0.0.0 -
127.0.0.1 - - [07/May/2024:23:00:05 +0800] "PUT /nacos/v1/ns/instance/beat?app=unknown&serviceName=DEFAULT_GROUP%40%40user-service&namespaceId=35dab273-9839-482a-b612-4db725b5c8e4&port=8101&clusterName=Chongqing&ip=192.168.60.1 HTTP/1.1" 200 75 3 Nacos-Java-Client:v1.4.2 -
127.0.0.1 - - [07/May/2024:23:00:07 +0800] "PUT /nacos/v1/ns/instance/beat?app=unknown&serviceName=DEFAULT_GROUP%40%40book-service&namespaceId=public&port=8202&clusterName=Chengdu&ip=192.168.60.1 HTTP/1.1" 200 75 2 Nacos-Java-Client:v1.4.2 -
127.0.0.1 - - [07/May/2024:23:00:08 +0800] "PUT /nacos/v1/ns/instance/beat?app=unknown&serviceName=DEFAULT_GROUP%40%40user-service&namespaceId=35dab273-9839-482a-b612-4db725b5c8e4&port=8102&clusterName=Chengdu&ip=192.168.60.1 HTTP/1.1" 200 75 2 Nacos-Java-Client:v1.4.2 -
127.0.0.1 - - [07/May/2024:23:00:09 +0800] "PUT /nacos/v1/ns/instance/beat?app=unknown&serviceName=DEFAULT_GROUP%40%40book-service&namespaceId=public&port=8201&clusterName=Chongqing&ip=192.168.60.1 HTTP/1.1" 200 75 3 Nacos-Java-Client:v1.4.2 -
127.0.0.1 - - [07/May/2024:23:00:09 +0800] "GET /nacos/v1/ns/instance/list?app=unknown&healthyOnly=false&namespaceId=35dab273-9839-482a-b612-4db725b5c8e4&clientIP=10.2.0.152&serviceName=DEFAULT_GROUP%40%40user-service&udpPort=65292&clusters=Chengdu HTTP/1.1" 200 573 2 Nacos-Java-Client:v1.4.2 -
127.0.0.1 - - [07/May/2024:23:00:10 +0800] "PUT /nacos/v1/ns/instance/beat?app=unknown&serviceName=DEFAULT_GROUP%40%40user-service&namespaceId=35dab273-9839-482a-b612-4db725b5c8e4&port=8101&clusterName=Chongqing&ip=192.168.60.1 HTTP/1.1" 200 75 3 Nacos-Java-Client:v1.4.2 -
127.0.0.1 - - [07/May/2024:23:00:11 +0800] "GET /nacos/v1/ns/instance/list?app=unknown&healthyOnly=false&namespaceId=35dab273-9839-482a-b612-4db725b5c8e4&clientIP=10.2.0.152&serviceName=DEFAULT_GROUP%40%40user-service&udpPort=50117&clusters=Chongqing HTTP/1.1" 200 579 3 Nacos-Java-Client:v1.4.2 -
127.0.0.1 - - [07/May/2024:23:00:12 +0800] "PUT /nacos/v1/ns/instance/beat?app=unknown&serviceName=DEFAULT_GROUP%40%40book-service&namespaceId=public&port=8202&clusterName=Chengdu&ip=192.168.60.1 HTTP/1.1" 200 75 3 Nacos-Java-Client:v1.4.2 -
127.0.0.1 - - [07/May/2024:23:00:12 +0800] "GET /nacos/v1/ns/instance/list?app=unknown&healthyOnly=false&namespaceId=public&clientIP=10.2.0.152&serviceName=DEFAULT_GROUP%40%40borrow-service&udpPort=55747&clusters=Chengdu HTTP/1.1" 200 582 2 Nacos-Java-Client:v1.4.2 -
127.0.0.1 - - [07/May/2024:23:00:13 +0800] "GET /nacos/v1/ns/instance/list?app=unknown&healthyOnly=false&namespaceId=public&clientIP=10.2.0.152&serviceName=DEFAULT_GROUP%40%40book-service&udpPort=61453&clusters=Chengdu HTTP/1.1" 200 573 3 Nacos-Java-Client:v1.4.2 -
127.0.0.1 - - [07/May/2024:23:00:13 +0800] "PUT /nacos/v1/ns/instance/beat?app=unknown&serviceName=DEFAULT_GROUP%40%40user-service&namespaceId=35dab273-9839-482a-b612-4db725b5c8e4&port=8102&clusterName=Chengdu&ip=192.168.60.1 HTTP/1.1" 200 75 3 Nacos-Java-Client:v1.4.2 -
127.0.0.1 - - [07/May/2024:23:00:14 +0800] "PUT /nacos/v1/ns/instance/beat?app=unknown&serviceName=DEFAULT_GROUP%40%40book-service&namespaceId=public&port=8201&clusterName=Chongqing&ip=192.168.60.1 HTTP/1.1" 200 75 3 Nacos-Java-Client:v1.4.2 -
127.0.0.1 - - [07/May/2024:23:00:15 +0800] "GET /nacos/v1/ns/instance/list?app=unknown&healthyOnly=false&namespaceId=public&clientIP=10.2.0.152&serviceName=DEFAULT_GROUP%40%40book-service&udpPort=55017&clusters=Chongqing HTTP/1.1" 200 579 2 Nacos-Java-Client:v1.4.2 -
127.0.0.1 - - [07/May/2024:23:00:15 +0800] "PUT /nacos/v1/ns/instance/beat?app=unknown&serviceName=DEFAULT_GROUP%40%40user-service&namespaceId=35dab273-9839-482a-b612-4db725b5c8e4&port=8101&clusterName=Chongqing&ip=192.168.60.1 HTTP/1.1" 200 75 2 Nacos-Java-Client:v1.4.2 -
127.0.0.1 - - [07/May/2024:23:00:17 +0800] "PUT /nacos/v1/ns/instance/beat?app=unknown&serviceName=DEFAULT_GROUP%40%40book-service&namespaceId=public&port=8202&clusterName=Chengdu&ip=192.168.60.1 HTTP/1.1" 200 75 2 Nacos-Java-Client:v1.4.2 -
0:0:0:0:0:0:0:1 - - [07/May/2024:23:00:17 +0800] "GET /nacos/v1/cs/configs?dataId=&group=&appName=&config_tags=&pageNo=1&pageSize=10&tenant=&search=accurate&accessToken=eyJhbGciOiJIUzI1NiJ9.eyJzdWIiOiJuYWNvcyIsImV4cCI6MTcxNDczNzExM30.y7DuofDPfbAmVYoYoCvk3lLWXMKamPhgehKxowTnR-4&username=nacos HTTP/1.1" 200 76 5 Mozilla/5.0 (Windows NT 10.0; Win64; x64) AppleWebKit/537.36 (KHTML, like Gecko) Chrome/124.0.0.0 Safari/537.36 Edg/124.0.0.0 -
127.0.0.1 - - [07/May/2024:23:00:18 +0800] "PUT /nacos/v1/ns/instance/beat?app=unknown&serviceName=DEFAULT_GROUP%40%40user-service&namespaceId=35dab273-9839-482a-b612-4db725b5c8e4&port=8102&clusterName=Chengdu&ip=192.168.60.1 HTTP/1.1" 200 75 2 Nacos-Java-Client:v1.4.2 -
0:0:0:0:0:0:0:1 - - [07/May/2024:23:00:18 +0800] "GET /nacos/v1/cs/configs?dataId=&group=&appName=&config_tags=&pageNo=1&pageSize=10&tenant=&search=accurate&accessToken=eyJhbGciOiJIUzI1NiJ9.eyJzdWIiOiJuYWNvcyIsImV4cCI6MTcxNDczNzExM30.y7DuofDPfbAmVYoYoCvk3lLWXMKamPhgehKxowTnR-4&username=nacos HTTP/1.1" 200 76 4 Mozilla/5.0 (Windows NT 10.0; Win64; x64) AppleWebKit/537.36 (KHTML, like Gecko) Chrome/124.0.0.0 Safari/537.36 Edg/124.0.0.0 -
0:0:0:0:0:0:0:1 - - [07/May/2024:23:00:18 +0800] "GET /nacos/v1/cs/configs?dataId=&group=&appName=&config_tags=&pageNo=1&pageSize=10&tenant=&search=accurate&accessToken=eyJhbGciOiJIUzI1NiJ9.eyJzdWIiOiJuYWNvcyIsImV4cCI6MTcxNDczNzExM30.y7DuofDPfbAmVYoYoCvk3lLWXMKamPhgehKxowTnR-4&username=nacos HTTP/1.1" 200 76 3 Mozilla/5.0 (Windows NT 10.0; Win64; x64) AppleWebKit/537.36 (KHTML, like Gecko) Chrome/124.0.0.0 Safari/537.36 Edg/124.0.0.0 -
127.0.0.1 - - [07/May/2024:23:00:19 +0800] "PUT /nacos/v1/ns/instance/beat?app=unknown&serviceName=DEFAULT_GROUP%40%40book-service&namespaceId=public&port=8201&clusterName=Chongqing&ip=192.168.60.1 HTTP/1.1" 200 75 2 Nacos-Java-Client:v1.4.2 -
127.0.0.1 - - [07/May/2024:23:00:19 +0800] "POST /nacos/v1/cs/configs/listener HTTP/1.1" 200 - 29502 Java/1.8.0_412 -
127.0.0.1 - - [07/May/2024:23:00:19 +0800] "GET /nacos/v1/ns/instance/list?app=unknown&healthyOnly=false&namespaceId=35dab273-9839-482a-b612-4db725b5c8e4&clientIP=10.2.0.152&serviceName=DEFAULT_GROUP%40%40user-service&udpPort=65292&clusters=Chengdu HTTP/1.1" 200 573 2 Nacos-Java-Client:v1.4.2 -
127.0.0.1 - - [07/May/2024:23:00:20 +0800] "PUT /nacos/v1/ns/instance/beat?app=unknown&serviceName=DEFAULT_GROUP%40%40user-service&namespaceId=35dab273-9839-482a-b612-4db725b5c8e4&port=8101&clusterName=Chongqing&ip=192.168.60.1 HTTP/1.1" 200 75 2 Nacos-Java-Client:v1.4.2 -
127.0.0.1 - - [07/May/2024:23:00:21 +0800] "POST /nacos/v1/cs/configs/listener HTTP/1.1" 200 - 29503 Java/1.8.0_412 -
127.0.0.1 - - [07/May/2024:23:00:21 +0800] "GET /nacos/v1/ns/instance/list?app=unknown&healthyOnly=false&namespaceId=35dab273-9839-482a-b612-4db725b5c8e4&clientIP=10.2.0.152&serviceName=DEFAULT_GROUP%40%40user-service&udpPort=50117&clusters=Chongqing HTTP/1.1" 200 579 3 Nacos-Java-Client:v1.4.2 -
127.0.0.1 - - [07/May/2024:23:00:22 +0800] "PUT /nacos/v1/ns/instance/beat?app=unknown&serviceName=DEFAULT_GROUP%40%40book-service&namespaceId=public&port=8202&clusterName=Chengdu&ip=192.168.60.1 HTTP/1.1" 200 75 2 Nacos-Java-Client:v1.4.2 -
0:0:0:0:0:0:0:1 - - [07/May/2024:23:00:22 +0800] "GET /nacos/v1/ns/catalog/services?hasIpCount=true&withInstances=false&pageNo=1&pageSize=10&serviceNameParam=&groupNameParam=&accessToken=eyJhbGciOiJIUzI1NiJ9.eyJzdWIiOiJuYWNvcyIsImV4cCI6MTcxNDczNzExM30.y7DuofDPfbAmVYoYoCvk3lLWXMKamPhgehKxowTnR-4&username=nacos&namespaceId= HTTP/1.1" 200 297 8 Mozilla/5.0 (Windows NT 10.0; Win64; x64) AppleWebKit/537.36 (KHTML, like Gecko) Chrome/124.0.0.0 Safari/537.36 Edg/124.0.0.0 -
127.0.0.1 - - [07/May/2024:23:00:22 +0800] "GET /nacos/v1/ns/instance/list?app=unknown&healthyOnly=false&namespaceId=public&clientIP=10.2.0.152&serviceName=DEFAULT_GROUP%40%40borrow-service&udpPort=55747&clusters=Chengdu HTTP/1.1" 200 582 2 Nacos-Java-Client:v1.4.2 -
127.0.0.1 - - [07/May/2024:23:00:23 +0800] "GET /nacos/v1/ns/instance/list?app=unknown&healthyOnly=false&namespaceId=public&clientIP=10.2.0.152&serviceName=DEFAULT_GROUP%40%40book-service&udpPort=61453&clusters=Chengdu HTTP/1.1" 200 573 2 Nacos-Java-Client:v1.4.2 -
127.0.0.1 - - [07/May/2024:23:00:23 +0800] "PUT /nacos/v1/ns/instance/beat?app=unknown&serviceName=DEFAULT_GROUP%40%40user-service&namespaceId=35dab273-9839-482a-b612-4db725b5c8e4&port=8102&clusterName=Chengdu&ip=192.168.60.1 HTTP/1.1" 200 75 2 Nacos-Java-Client:v1.4.2 -
127.0.0.1 - - [07/May/2024:23:00:24 +0800] "PUT /nacos/v1/ns/instance/beat?app=unknown&serviceName=DEFAULT_GROUP%40%40book-service&namespaceId=public&port=8201&clusterName=Chongqing&ip=192.168.60.1 HTTP/1.1" 200 75 2 Nacos-Java-Client:v1.4.2 -
127.0.0.1 - - [07/May/2024:23:00:25 +0800] "GET /nacos/v1/ns/instance/list?app=unknown&healthyOnly=false&namespaceId=public&clientIP=10.2.0.152&serviceName=DEFAULT_GROUP%40%40book-service&udpPort=55017&clusters=Chongqing HTTP/1.1" 200 579 3 Nacos-Java-Client:v1.4.2 -
127.0.0.1 - - [07/May/2024:23:00:25 +0800] "PUT /nacos/v1/ns/instance/beat?app=unknown&serviceName=DEFAULT_GROUP%40%40user-service&namespaceId=35dab273-9839-482a-b612-4db725b5c8e4&port=8101&clusterName=Chongqing&ip=192.168.60.1 HTTP/1.1" 200 75 2 Nacos-Java-Client:v1.4.2 -
0:0:0:0:0:0:0:1 - - [07/May/2024:23:00:26 +0800] "GET /nacos/ HTTP/1.1" 304 - 4 Mozilla/5.0 (Windows NT 10.0; Win64; x64) AppleWebKit/537.36 (KHTML, like Gecko) Chrome/124.0.0.0 Safari/537.36 Edg/124.0.0.0 -
0:0:0:0:0:0:0:1 - - [07/May/2024:23:00:26 +0800] "GET /nacos/v1/console/namespaces?&accessToken=eyJhbGciOiJIUzI1NiJ9.eyJzdWIiOiJuYWNvcyIsImV4cCI6MTcxNDczNzExM30.y7DuofDPfbAmVYoYoCvk3lLWXMKamPhgehKxowTnR-4&username=nacos&namespaceId= HTTP/1.1" 200 130 4 Mozilla/5.0 (Windows NT 10.0; Win64; x64) AppleWebKit/537.36 (KHTML, like Gecko) Chrome/124.0.0.0 Safari/537.36 Edg/124.0.0.0 -
0:0:0:0:0:0:0:1 - - [07/May/2024:23:00:26 +0800] "GET /nacos/v1/console/server/state?accessToken=eyJhbGciOiJIUzI1NiJ9.eyJzdWIiOiJuYWNvcyIsImV4cCI6MTcxNDczNzExM30.y7DuofDPfbAmVYoYoCvk3lLWXMKamPhgehKxowTnR-4&username=nacos HTTP/1.1" 200 82 1 Mozilla/5.0 (Windows NT 10.0; Win64; x64) AppleWebKit/537.36 (KHTML, like Gecko) Chrome/124.0.0.0 Safari/537.36 Edg/124.0.0.0 -
0:0:0:0:0:0:0:1 - - [07/May/2024:23:00:26 +0800] "GET /nacos/console-ui/public/fonts/font_1533967_slipq25tezj.woff2 HTTP/1.1" 404 193 6 Mozilla/5.0 (Windows NT 10.0; Win64; x64) AppleWebKit/537.36 (KHTML, like Gecko) Chrome/124.0.0.0 Safari/537.36 Edg/124.0.0.0 -
0:0:0:0:0:0:0:1 - - [07/May/2024:23:00:26 +0800] "GET /nacos/v1/ns/catalog/services?hasIpCount=true&withInstances=false&pageNo=1&pageSize=10&serviceNameParam=&groupNameParam=&accessToken=eyJhbGciOiJIUzI1NiJ9.eyJzdWIiOiJuYWNvcyIsImV4cCI6MTcxNDczNzExM30.y7DuofDPfbAmVYoYoCvk3lLWXMKamPhgehKxowTnR-4&username=nacos&namespaceId= HTTP/1.1" 200 297 3 Mozilla/5.0 (Windows NT 10.0; Win64; x64) AppleWebKit/537.36 (KHTML, like Gecko) Chrome/124.0.0.0 Safari/537.36 Edg/124.0.0.0 -
0:0:0:0:0:0:0:1 - - [07/May/2024:23:00:26 +0800] "GET /nacos/console-ui/public/fonts/font_1533967_slipq25tezj.woff HTTP/1.1" 404 192 7 Mozilla/5.0 (Windows NT 10.0; Win64; x64) AppleWebKit/537.36 (KHTML, like Gecko) Chrome/124.0.0.0 Safari/537.36 Edg/124.0.0.0 -
0:0:0:0:0:0:0:1 - - [07/May/2024:23:00:26 +0800] "GET /nacos/console-ui/public/fonts/font_1533967_slipq25tezj.ttf HTTP/1.1" 404 191 5 Mozilla/5.0 (Windows NT 10.0; Win64; x64) AppleWebKit/537.36 (KHTML, like Gecko) Chrome/124.0.0.0 Safari/537.36 Edg/124.0.0.0 -
127.0.0.1 - - [07/May/2024:23:00:27 +0800] "PUT /nacos/v1/ns/instance/beat?app=unknown&serviceName=DEFAULT_GROUP%40%40book-service&namespaceId=public&port=8202&clusterName=Chengdu&ip=192.168.60.1 HTTP/1.1" 200 75 2 Nacos-Java-Client:v1.4.2 -
127.0.0.1 - - [07/May/2024:23:00:28 +0800] "PUT /nacos/v1/ns/instance/beat?app=unknown&serviceName=DEFAULT_GROUP%40%40user-service&namespaceId=35dab273-9839-482a-b612-4db725b5c8e4&port=8102&clusterName=Chengdu&ip=192.168.60.1 HTTP/1.1" 200 75 2 Nacos-Java-Client:v1.4.2 -
127.0.0.1 - - [07/May/2024:23:00:29 +0800] "PUT /nacos/v1/ns/instance/beat?app=unknown&serviceName=DEFAULT_GROUP%40%40book-service&namespaceId=public&port=8201&clusterName=Chongqing&ip=192.168.60.1 HTTP/1.1" 200 75 2 Nacos-Java-Client:v1.4.2 -
0:0:0:0:0:0:0:1 - - [07/May/2024:23:00:29 +0800] "GET /nacos/v1/console/namespaces?&accessToken=eyJhbGciOiJIUzI1NiJ9.eyJzdWIiOiJuYWNvcyIsImV4cCI6MTcxNDczNzExM30.y7DuofDPfbAmVYoYoCvk3lLWXMKamPhgehKxowTnR-4&username=nacos&namespaceId= HTTP/1.1" 200 130 3 Mozilla/5.0 (Windows NT 10.0; Win64; x64) AppleWebKit/537.36 (KHTML, like Gecko) Chrome/124.0.0.0 Safari/537.36 Edg/124.0.0.0 -
127.0.0.1 - - [07/May/2024:23:00:29 +0800] "GET /nacos/v1/ns/instance/list?app=unknown&healthyOnly=false&namespaceId=35dab273-9839-482a-b612-4db725b5c8e4&clientIP=10.2.0.152&serviceName=DEFAULT_GROUP%40%40user-service&udpPort=65292&clusters=Chengdu HTTP/1.1" 200 573 3 Nacos-Java-Client:v1.4.2 -
127.0.0.1 - - [07/May/2024:23:00:30 +0800] "PUT /nacos/v1/ns/instance/beat?app=unknown&serviceName=DEFAULT_GROUP%40%40user-service&namespaceId=35dab273-9839-482a-b612-4db725b5c8e4&port=8101&clusterName=Chongqing&ip=192.168.60.1 HTTP/1.1" 200 75 2 Nacos-Java-Client:v1.4.2 -
127.0.0.1 - - [07/May/2024:23:00:31 +0800] "GET /nacos/v1/ns/instance/list?app=unknown&healthyOnly=false&namespaceId=35dab273-9839-482a-b612-4db725b5c8e4&clientIP=10.2.0.152&serviceName=DEFAULT_GROUP%40%40user-service&udpPort=50117&clusters=Chongqing HTTP/1.1" 200 579 2 Nacos-Java-Client:v1.4.2 -
127.0.0.1 - - [07/May/2024:23:00:32 +0800] "PUT /nacos/v1/ns/instance/beat?app=unknown&serviceName=DEFAULT_GROUP%40%40book-service&namespaceId=public&port=8202&clusterName=Chengdu&ip=192.168.60.1 HTTP/1.1" 200 75 2 Nacos-Java-Client:v1.4.2 -
127.0.0.1 - - [07/May/2024:23:00:32 +0800] "GET /nacos/v1/ns/instance/list?app=unknown&healthyOnly=false&namespaceId=public&clientIP=10.2.0.152&serviceName=DEFAULT_GROUP%40%40borrow-service&udpPort=55747&clusters=Chengdu HTTP/1.1" 200 582 3 Nacos-Java-Client:v1.4.2 -
127.0.0.1 - - [07/May/2024:23:00:33 +0800] "GET /nacos/v1/ns/instance/list?app=unknown&healthyOnly=false&namespaceId=public&clientIP=10.2.0.152&serviceName=DEFAULT_GROUP%40%40book-service&udpPort=61453&clusters=Chengdu HTTP/1.1" 200 573 2 Nacos-Java-Client:v1.4.2 -
